OP  ELEMENT  TYPE         RISING  FALLING  COUNT  X/Y  ACTION           OCCURRED  VALUE  LAST-CHANGE
13  rtt      immediate    100     50       -      -    syslog           false     1      -
13  timeout  consecutive  -       -        2      -    syslog           true      1      47s ago
21  rtt      xofy         100     50       -      3/5  trap-and-syslog  true      150    47s ago
