Every 10ms: goipsla show operations --tag wan    2026-09-27 12:00:00

ID   TYPE       TARGET          TAG  STATE   RC       RTT(ms)  LAST      SUCC  FAIL  AVG(ms)  JIT(ms)  LOSS
101  icmp-echo  10.100.1.11     wan  active  ok       1.234    2m9s ago  115   5     2.000    -        -
102  icmp-echo  fd00:100:2::11  wan  active  timeout  -        6s ago    0     12    -        -        -
